// Jest Snapshot v1, https://goo.gl/fbAQLP

exports[`<Grid /> renders correctly 1`] = `
<DocumentFragment>
  <div
    class="css-1w73uij"
  >
    <div
      class="css-yj3haq"
    >
      <div>
        Next Turn : X
      </div>
      <div />
      <button
        type="button"
      >
        Reset
      </button>
    </div>
    <div
      class="css-1w73uij"
    >
      <div
        class="css-1x1afi9"
      >
        <div
          class="css-ppfkvi"
        >
          <button
            class="css-113hvi"
            type="button"
          />
        </div>
        <div
          class="css-ppfkvi"
        >
          <button
            class="css-113hvi"
            type="button"
          />
        </div>
        <div
          class="css-ppfkvi"
        >
          <button
            class="css-113hvi"
            type="button"
          />
        </div>
        <div
          class="css-ppfkvi"
        >
          <button
            class="css-113hvi"
            type="button"
          />
        </div>
        <div
          class="css-ppfkvi"
        >
          <button
            class="css-113hvi"
            type="button"
          />
        </div>
        <div
          class="css-ppfkvi"
        >
          <button
            class="css-113hvi"
            type="button"
          />
        </div>
        <div
          class="css-ppfkvi"
        >
          <button
            class="css-113hvi"
            type="button"
          />
        </div>
        <div
          class="css-ppfkvi"
        >
          <button
            class="css-113hvi"
            type="button"
          />
        </div>
        <div
          class="css-ppfkvi"
        >
          <button
            class="css-113hvi"
            type="button"
          />
        </div>
      </div>
    </div>
  </div>
</DocumentFragment>
`;
